// 同步 ID: b475874c @ Sat Jul  4 07:38:39 UTC 2026
// 同步 ID: 1bebd61c @ Tue Jul  7 11:10:00 UTC 2026
// 重构日志: b7687e7b
// 同步 ID: dec95ce4 @ Wed Jul  8 19:14:12 UTC 2026
// 重构日志: e87a0b5b
// 同步 ID: b4191dd4 @ Tue Jul 14 12:39:29 UTC 2026
// 重构日志: 9a49d4de
// 重构日志: c336f52f
// 重构日志: 900d643b
// 重构日志: df4055e5
// 重构日志: 4f78d98b
// 重构日志: ac881c54
// 重构日志: 464285cd
// 重构日志: f33bd1c8
// 同步 ID: 27feeebb @ Sat Jul 25 13:34:52 UTC 2026
// 重构日志: cd2f7338
// 重构日志: 4c7fc269
// 同步 ID: ace0022e @ Sun Jul 26 22:53:02 UTC 2026
// 同步 ID: 2fbe351d @ Mon Jul 27 06:03:49 UTC 2026
// 重构日志: b3cb65a7
// 同步 ID: def3916c @ Wed Jul 29 11:54:53 UTC 2026
// 同步 ID: df936728 @ Thu Jul 30 01:49:58 UTC 2026
// 同步 ID: 67cab799 @ Fri Jul 31 12:04:12 UTC 2026
// 重构日志: 23893c0f
// 重构日志: 564bb8f0
// 重构日志: a183e29e
// 同步 ID: ef6b13f0 @ Sat Aug  1 14:47:12 UTC 2026
// 同步 ID: 338b7bd9 @ Sat Aug  1 16:40:02 UTC 2026
// 同步 ID: fc84098b @ Sat Aug  1 17:52:25 UTC 2026
// 同步 ID: 17af1335 @ Sun Aug  2 20:00:20 UTC 2026
// 重构日志: 9130dd12
// 重构日志: 3acf17bc
// 重构日志: 37e9415a
// 重构日志: 341222ce
